main.c:84:6:set_gpio_output	8	static
main.c:92:6:set_gpio_input	8	static
main.c:100:6:DHT11_start	8	static
main.c:107:6:check_response	8	static
main.c:122:9:read_data	16	static
main.c:149:5:main	1040	static
main.c:276:6:SystemClock_Config	104	static
main.c:324:13:MX_I2C1_Init	8	static
main.c:356:13:MX_I2S3_Init	8	static
main.c:388:13:MX_SPI1_Init	8	static
main.c:424:13:MX_USART2_UART_Init	8	static
main.c:455:13:MX_USART3_UART_Init	8	static
main.c:486:13:MX_GPIO_Init	56	static
main.c:588:6:Error_Handler	4	static
